{
  "timestamp": "2025-11-11 11:21:56.263643",
  "device_info": {
    "serial_number": "ADUASk4wUAcgNDlF",
    "model": "0",
    "git_hash": "2af62ba720e0b04ae736a4bc1c8a28d65383d919",
    "git_dirty": false,
    "git_timestamp": 1731592431,
    "uuid": "d1bec3ae-a968-4c9d-8227-6f0f8c31a112"
  },
  "calibration": {
    "invert": false,
    "phase_invert": false,
    "poles": 24,
    "offset": [
      -2.2236709235414365,
      -2.234840173802753,
      -2.2348287159347824,
      -2.2170426388740947,
      -2.1815411002040266,
      -2.1812699956397132,
      -2.1950163640014924,
      -2.224554228346206,
      -2.2156302220962205,
      -2.1894459912559783,
      -2.1688544178014153,
      -2.1828963982271925,
      -2.2202029908555247,
      -2.2263348972733525,
      -2.2070710372811018,
      -2.1842252279837346,
      -2.1987220430863967,
      -2.221136998745976,
      -2.237936976209612,
      -2.242781769659819,
      -2.2165038222469966,
      -2.214117863727479,
      -2.222176917170168,
      -2.249916012443217,
      -2.239738598217997,
      -2.2151822314333387,
      -2.20310660221805,
      -2.199128793583143,
      -2.2141678521786052,
      -2.201182721715867,
      -2.186952165027188,
      -2.1676347267141085,
      -2.1730701271031525,
      -2.172816612374945,
      -2.1768413322543183,
      -2.1749042616514043,
      -2.165498309951188,
      -2.174144491859511,
      -2.1640433156187306,
      -2.1766709027007867,
      -2.1751134843603146,
      -2.185012517241039,
      -2.1941019587297417,
      -2.1993688926749853,
      -2.2156342107935996,
      -2.216447564396301,
      -2.2329044648792458,
      -2.239556192925414,
      -2.26023173279386,
      -2.2665281580189722,
      -2.2753925873838856,
      -2.2850226502436946,
      -2.2755962478075427,
      -2.277210772502301,
      -2.282842289023036,
      -2.300026331347858,
      -2.294367415738659,
      -2.279649316875282,
      -2.26828804654331,
      -2.2665978988885054,
      -2.286177476971994,
      -2.279588203780555,
      -2.2609608093985325,
      -2.222751611227639
    ],
    "fit_metric": 11.517335102695082,
    "current_quality_factor": 321.260022171245
  },
  "winding_resistance": 0.08066444745063586,
  "inductance": 4.4214713425030905e-05,
  "pid_dq_kp": 0.2778092377533102,
  "pid_dq_ki": 506.82967103359505,
  "torque_bw_hz": 999.9999999999999,
  "encoder_filter_bw_hz": 999.9999999999999,
  "encoder_filter_kp": 5067.084925144827,
  "encoder_filter_ki": 6418837.4096574895,
  "kv": 353.6053081258512,
  "unwrapped_position_scale": 1.0,
  "motor_position_output_sign": 1.0,
  "abi_version": 265,
  "voltage_mode_control": false,
  "py_version": "0.3.95"
}
