{
  "timestamp": "2025-11-11 10:35:34.137916",
  "device_info": {
    "serial_number": "ADUASk4wUAcgNDlF",
    "model": "0",
    "git_hash": "2af62ba720e0b04ae736a4bc1c8a28d65383d919",
    "git_dirty": false,
    "git_timestamp": 1731592431,
    "uuid": "d1bec3ae-a968-4c9d-8227-6f0f8c31a112"
  },
  "calibration": {
    "invert": false,
    "phase_invert": false,
    "poles": 24,
    "offset": [
      -2.21803425991355,
      -2.239492302564487,
      -2.2446431165833225,
      -2.2259854424726693,
      -2.1858890024711655,
      -2.177381815632147,
      -2.191041397508742,
      -2.221139916002711,
      -2.2173640401665886,
      -2.184725608577768,
      -2.166090254481815,
      -2.1793587210111633,
      -2.2278505280629903,
      -2.2312755292471103,
      -2.2157590967543035,
      -2.1822038511891098,
      -2.1967322593697833,
      -2.2252109891078375,
      -2.240137616485704,
      -2.240300141295848,
      -2.2209820880116675,
      -2.2220717130005574,
      -2.230796895131612,
      -2.2492467341511486,
      -2.2363354064087324,
      -2.217238072316355,
      -2.213316610522323,
      -2.2056617955752467,
      -2.20469357115839,
      -2.187319122690385,
      -2.1781108696418485,
      -2.166560027465289,
      -2.1797104543924903,
      -2.1832912345677253,
      -2.1774994066038222,
      -2.167812962225886,
      -2.161639157256483,
      -2.167712332977383,
      -2.1641731231468837,
      -2.173762058638759,
      -2.1713207444922467,
      -2.177127722505185,
      -2.19337887765711,
      -2.203436121780882,
      -2.221792653398338,
      -2.222604548777204,
      -2.2351705288546344,
      -2.244563653588609,
      -2.2577557496000136,
      -2.259405004074041,
      -2.2731502285311245,
      -2.280932709710994,
      -2.2746373200304455,
      -2.2803527240073236,
      -2.2863843652615534,
      -2.302603180742492,
      -2.2884966656158268,
      -2.2759808257334564,
      -2.2664506669499818,
      -2.266644782599156,
      -2.2862289140751004,
      -2.284946589319976,
      -2.2621271722605583,
      -2.2226164409073603
    ],
    "fit_metric": 10.458558848050513,
    "current_quality_factor": 378.4033425456825
  },
  "winding_resistance": 0.08209120051634607,
  "inductance": 4.4095132372476184e-05,
  "pid_dq_kp": 0.11082315513635252,
  "pid_dq_ki": 206.31768997321555,
  "torque_bw_hz": 400.0,
  "encoder_filter_bw_hz": 400.0,
  "encoder_filter_kp": 2026.8339700579309,
  "encoder_filter_ki": 1027013.9855451983,
  "kv": 351.4365014779737,
  "unwrapped_position_scale": 1.0,
  "motor_position_output_sign": 1.0,
  "abi_version": 265,
  "voltage_mode_control": false,
  "py_version": "0.3.95"
}
